2026-09-23 12:40:02 INFO  com.raj.toxic.ToxicApplication - Starting ToxicApplication using Java 26.0.2.1 with PID 19772 (C:\Users\Admin\Downloads\Dev-Workspace\toxic\target\classes started by Raj in C:\Users\Admin\Downloads\Dev-Workspace\toxic)
2026-09-23 12:40:02 DEBUG com.raj.toxic.ToxicApplication - Running with Spring Boot v4.1.1, Spring v7.0.9
2026-09-23 12:40:02 INFO  com.raj.toxic.ToxicApplication - No active profile set, falling back to 1 default profile: "default"
2026-09-23 12:40:02 INFO  o.s.b.d.e.DevToolsPropertyDefaultsPostProcessor - Devtools property defaults active! Set 'spring.devtools.add-properties' to 'false' to disable
2026-09-23 12:40:02 INFO  o.s.b.d.e.DevToolsPropertyDefaultsPostProcessor - For additional web related logging consider setting the 'logging.level.web' property to 'DEBUG'
2026-09-23 12:40:05 INFO  o.s.d.r.c.RepositoryConfigurationDelegate - Bootstrapping Spring Data JPA repositories in DEFAULT mode.
2026-09-23 12:40:05 INFO  o.s.d.r.c.RepositoryConfigurationDelegate - Finished Spring Data repository scanning in 156 ms. Found 1 JPA repository interface.
2026-09-23 12:40:07 INFO  o.s.boot.tomcat.TomcatWebServer - Tomcat initialized with port 8080 (http)
2026-09-23 12:40:07 INFO  o.a.coyote.http11.Http11NioProtocol - Initializing ProtocolHandler ["http-nio-8080"]
2026-09-23 12:40:07 INFO  o.a.catalina.core.StandardService - Starting service [Tomcat]
2026-09-23 12:40:07 INFO  o.a.catalina.core.StandardEngine - Starting Servlet engine: [Apache Tomcat/11.0.24]
2026-09-23 12:40:07 INFO  o.s.b.w.c.s.WebApplicationContextInitializer - Root WebApplicationContext: initialization completed in 4933 ms
2026-09-23 12:40:08 INFO  org.hibernate.orm.jpa - HHH008540: Processing PersistenceUnitInfo [name: default]
2026-09-23 12:40:08 INFO  org.hibernate.orm.core - HHH000001: Hibernate ORM core version 7.4.5.Final
2026-09-23 12:40:10 INFO  o.s.o.j.p.SpringPersistenceUnitInfo - No LoadTimeWeaver setup: ignoring JPA class transformer
2026-09-23 12:40:10 INFO  com.zaxxer.hikari.HikariDataSource - HikariPool-1 - Starting...
2026-09-23 12:40:11 INFO  com.zaxxer.hikari.pool.HikariPool - HikariPool-1 - Added connection org.postgresql.jdbc.PgConnection@502e167b
2026-09-23 12:40:11 INFO  com.zaxxer.hikari.HikariDataSource - HikariPool-1 - Start completed.
2026-09-23 12:40:11 INFO  o.hibernate.orm.connections.pooling - HHH10001005: Database info:
	Database JDBC URL [jdbc:postgresql://localhost:5432/toxic]
	Database driver: PostgreSQL JDBC Driver
	Database dialect: PostgreSQLDialect
	Database version: 18.6
	Default catalog/schema: toxic/public
	Autocommit mode: undefined/unknown
	Isolation level: READ_COMMITTED [default READ_COMMITTED]
	JDBC fetch size: none
	Pool: DataSourceConnectionProvider
	Minimum pool size: undefined/unknown
	Maximum pool size: undefined/unknown
2026-09-23 12:40:12 INFO  o.h.validator.internal.util.Version - HV000001: Hibernate Validator 9.1.3.Final
2026-09-23 12:40:15 INFO  org.hibernate.orm.core - HHH000489: No JTA platform available (set 'hibernate.transaction.jta.platform' to enable JTA platform integration)
2026-09-23 12:40:15 INFO  o.s.o.j.LocalContainerEntityManagerFactoryBean - Initialized JPA EntityManagerFactory for persistence unit 'default'
2026-09-23 12:40:16 INFO  o.s.d.j.r.q.QueryEnhancerFactories - Hibernate is in classpath; If applicable, HQL parser will be used.
2026-09-23 12:40:16 WARN  o.s.b.j.a.JpaBaseConfiguration$JpaWebConfiguration - spring.jpa.open-in-view is enabled by default. Therefore, database queries may be performed during view rendering. Explicitly configure spring.jpa.open-in-view to disable this warning
2026-09-23 12:40:19 INFO  o.a.coyote.http11.Http11NioProtocol - Starting ProtocolHandler ["http-nio-8080"]
2026-09-23 12:40:19 INFO  o.s.boot.tomcat.TomcatWebServer - Tomcat started on port 8080 (http) with context path '/'
2026-09-23 12:40:19 INFO  com.raj.toxic.ToxicApplication - Started ToxicApplication in 19.29 seconds (process running for 21.696)
2026-09-23 12:40:19 INFO  c.r.t.c.InitialToxicController - Toxic Application started Successfully
2026-09-23 12:59:37 INFO  o.a.c.c.C.[Tomcat].[localhost].[/] - Initializing Spring DispatcherServlet 'dispatcherServlet'
2026-09-23 12:59:37 INFO  o.s.web.servlet.DispatcherServlet - Initializing Servlet 'dispatcherServlet'
2026-09-23 12:59:37 INFO  o.s.web.servlet.DispatcherServlet - Completed initialization in 2 ms
2026-09-23 12:59:37 INFO  c.r.t.c.InitialToxicController - AlgorithmPracticeHandler: Start
2026-09-23 12:59:37 INFO  c.raj.toxic.entity.PracticeAlgorithm - Algorithm Sort Started
2026-09-23 12:59:37 INFO  c.raj.toxic.entity.PracticeAlgorithm - Input Values: [34, 23, 67, 36, 12]
2026-09-23 12:59:37 INFO  c.raj.toxic.entity.PracticeAlgorithm - Sorted Input Values: [12, 23, 34, 36, 67]
2026-09-23 12:59:37 INFO  c.raj.toxic.entity.PracticeAlgorithm - Algorithm Sort Completed
2026-09-23 12:59:39 INFO  o.s.b.d.a.LocalDevToolsAutoConfiguration$RestartingClassPathChangeChangedEventListener - Restarting due to 1 class path change (0 additions, 0 deletions, 1 modification)
2026-09-23 12:59:39 INFO  o.s.boot.tomcat.GracefulShutdown - Commencing graceful shutdown. Waiting for active requests to complete
2026-09-23 12:59:39 INFO  o.a.coyote.http11.Http11NioProtocol - Pausing ProtocolHandler ["http-nio-8080"]
2026-09-23 12:59:39 INFO  o.s.boot.tomcat.GracefulShutdown - Graceful shutdown complete
2026-09-23 12:59:39 INFO  o.a.coyote.http11.Http11NioProtocol - Stopping ProtocolHandler ["http-nio-8080"]
2026-09-23 12:59:39 INFO  o.s.o.j.LocalContainerEntityManagerFactoryBean - Closing JPA EntityManagerFactory for persistence unit 'default'
2026-09-23 12:59:39 INFO  com.zaxxer.hikari.HikariDataSource - HikariPool-1 - Shutdown initiated...
2026-09-23 12:59:39 INFO  com.zaxxer.hikari.HikariDataSource - HikariPool-1 - Shutdown completed.
2026-09-23 12:59:39 INFO  com.raj.toxic.ToxicApplication - Starting ToxicApplication using Java 26.0.2.1 with PID 19772 (C:\Users\Admin\Downloads\Dev-Workspace\toxic\target\classes started by Raj in C:\Users\Admin\Downloads\Dev-Workspace\toxic)
2026-09-23 12:59:39 DEBUG com.raj.toxic.ToxicApplication - Running with Spring Boot v4.1.1, Spring v7.0.9
2026-09-23 12:59:39 INFO  com.raj.toxic.ToxicApplication - No active profile set, falling back to 1 default profile: "default"
2026-09-23 12:59:39 INFO  o.s.d.r.c.RepositoryConfigurationDelegate - Bootstrapping Spring Data JPA repositories in DEFAULT mode.
2026-09-23 12:59:39 INFO  o.s.d.r.c.RepositoryConfigurationDelegate - Finished Spring Data repository scanning in 10 ms. Found 1 JPA repository interface.
2026-09-23 12:59:40 INFO  o.s.boot.tomcat.TomcatWebServer - Tomcat initialized with port 8080 (http)
2026-09-23 12:59:40 INFO  o.a.coyote.http11.Http11NioProtocol - Initializing ProtocolHandler ["http-nio-8080"]
2026-09-23 12:59:40 INFO  o.a.catalina.core.StandardService - Starting service [Tomcat]
2026-09-23 12:59:40 INFO  o.a.catalina.core.StandardEngine - Starting Servlet engine: [Apache Tomcat/11.0.24]
2026-09-23 12:59:40 INFO  o.s.b.w.c.s.WebApplicationContextInitializer - Root WebApplicationContext: initialization completed in 386 ms
2026-09-23 12:59:40 INFO  org.hibernate.orm.jpa - HHH008540: Processing PersistenceUnitInfo [name: default]
2026-09-23 12:59:40 INFO  o.s.o.j.p.SpringPersistenceUnitInfo - No LoadTimeWeaver setup: ignoring JPA class transformer
2026-09-23 12:59:40 INFO  com.zaxxer.hikari.HikariDataSource - HikariPool-2 - Starting...
2026-09-23 12:59:40 INFO  com.zaxxer.hikari.pool.HikariPool - HikariPool-2 - Added connection org.postgresql.jdbc.PgConnection@330440d
2026-09-23 12:59:40 INFO  com.zaxxer.hikari.HikariDataSource - HikariPool-2 - Start completed.
2026-09-23 12:59:40 INFO  o.hibernate.orm.connections.pooling - HHH10001005: Database info:
	Database JDBC URL [jdbc:postgresql://localhost:5432/toxic]
	Database driver: PostgreSQL JDBC Driver
	Database dialect: PostgreSQLDialect
	Database version: 18.6
	Default catalog/schema: toxic/public
	Autocommit mode: undefined/unknown
	Isolation level: READ_COMMITTED [default READ_COMMITTED]
	JDBC fetch size: none
	Pool: DataSourceConnectionProvider
	Minimum pool size: undefined/unknown
	Maximum pool size: undefined/unknown
2026-09-23 12:59:40 INFO  org.hibernate.orm.core - HHH000489: No JTA platform available (set 'hibernate.transaction.jta.platform' to enable JTA platform integration)
2026-09-23 12:59:40 INFO  o.s.o.j.LocalContainerEntityManagerFactoryBean - Initialized JPA EntityManagerFactory for persistence unit 'default'
2026-09-23 12:59:40 WARN  o.s.b.j.a.JpaBaseConfiguration$JpaWebConfiguration - spring.jpa.open-in-view is enabled by default. Therefore, database queries may be performed during view rendering. Explicitly configure spring.jpa.open-in-view to disable this warning
2026-09-23 12:59:40 INFO  o.a.coyote.http11.Http11NioProtocol - Starting ProtocolHandler ["http-nio-8080"]
2026-09-23 12:59:40 INFO  o.s.boot.tomcat.TomcatWebServer - Tomcat started on port 8080 (http) with context path '/'
2026-09-23 12:59:40 INFO  com.raj.toxic.ToxicApplication - Started ToxicApplication in 0.867 seconds (process running for 1182.888)
2026-09-23 12:59:40 INFO  o.s.b.d.a.ConditionEvaluationDeltaLoggingListener - Condition evaluation unchanged
2026-09-23 12:59:40 INFO  c.r.t.c.InitialToxicController - Toxic Application started Successfully
2026-09-23 12:59:52 INFO  o.a.c.c.C.[Tomcat].[localhost].[/] - Initializing Spring DispatcherServlet 'dispatcherServlet'
2026-09-23 12:59:52 INFO  o.s.web.servlet.DispatcherServlet - Initializing Servlet 'dispatcherServlet'
2026-09-23 12:59:52 INFO  o.s.web.servlet.DispatcherServlet - Completed initialization in 1 ms
2026-09-23 12:59:52 INFO  c.r.t.c.InitialToxicController - AlgorithmPracticeHandler: Start
2026-09-23 12:59:52 INFO  c.raj.toxic.entity.PracticeAlgorithm - Algorithm Sort Started
2026-09-23 12:59:52 INFO  c.raj.toxic.entity.PracticeAlgorithm - Input Values: [34, 23, 67, 36, 12]
2026-09-23 12:59:52 INFO  c.raj.toxic.entity.PracticeAlgorithm - Sorted Input Values: [12, 23, 34, 36, 67]
2026-09-23 12:59:52 INFO  c.raj.toxic.entity.PracticeAlgorithm - Algorithm Sort Completed
2026-09-23 13:04:55 INFO  o.s.b.d.a.LocalDevToolsAutoConfiguration$RestartingClassPathChangeChangedEventListener - Restarting due to 1 class path change (0 additions, 1 deletion, 0 modifications)
2026-09-23 13:04:55 INFO  o.s.boot.tomcat.GracefulShutdown - Commencing graceful shutdown. Waiting for active requests to complete
2026-09-23 13:04:55 INFO  o.a.coyote.http11.Http11NioProtocol - Pausing ProtocolHandler ["http-nio-8080"]
2026-09-23 13:04:55 INFO  o.s.boot.tomcat.GracefulShutdown - Graceful shutdown complete
2026-09-23 13:04:55 INFO  o.a.coyote.http11.Http11NioProtocol - Stopping ProtocolHandler ["http-nio-8080"]
2026-09-23 13:04:55 INFO  o.s.o.j.LocalContainerEntityManagerFactoryBean - Closing JPA EntityManagerFactory for persistence unit 'default'
2026-09-23 13:04:55 INFO  com.zaxxer.hikari.HikariDataSource - HikariPool-2 - Shutdown initiated...
2026-09-23 13:04:55 INFO  com.zaxxer.hikari.HikariDataSource - HikariPool-2 - Shutdown completed.
2026-09-23 13:04:55 INFO  com.raj.toxic.ToxicApplication - Starting ToxicApplication using Java 26.0.2.1 with PID 19772 (C:\Users\Admin\Downloads\Dev-Workspace\toxic\target\classes started by Raj in C:\Users\Admin\Downloads\Dev-Workspace\toxic)
2026-09-23 13:04:55 DEBUG com.raj.toxic.ToxicApplication - Running with Spring Boot v4.1.1, Spring v7.0.9
2026-09-23 13:04:55 INFO  com.raj.toxic.ToxicApplication - No active profile set, falling back to 1 default profile: "default"
2026-09-23 13:04:55 INFO  o.s.d.r.c.RepositoryConfigurationDelegate - Bootstrapping Spring Data JPA repositories in DEFAULT mode.
2026-09-23 13:04:55 INFO  o.s.d.r.c.RepositoryConfigurationDelegate - Finished Spring Data repository scanning in 8 ms. Found 1 JPA repository interface.
2026-09-23 13:04:55 INFO  o.s.boot.tomcat.TomcatWebServer - Tomcat initialized with port 8080 (http)
2026-09-23 13:04:55 INFO  o.a.coyote.http11.Http11NioProtocol - Initializing ProtocolHandler ["http-nio-8080"]
2026-09-23 13:04:55 INFO  o.a.catalina.core.StandardService - Starting service [Tomcat]
2026-09-23 13:04:55 INFO  o.a.catalina.core.StandardEngine - Starting Servlet engine: [Apache Tomcat/11.0.24]
2026-09-23 13:04:55 INFO  o.s.b.w.c.s.WebApplicationContextInitializer - Root WebApplicationContext: initialization completed in 393 ms
2026-09-23 13:04:55 INFO  org.hibernate.orm.jpa - HHH008540: Processing PersistenceUnitInfo [name: default]
2026-09-23 13:04:55 INFO  o.s.o.j.p.SpringPersistenceUnitInfo - No LoadTimeWeaver setup: ignoring JPA class transformer
2026-09-23 13:04:55 INFO  com.zaxxer.hikari.HikariDataSource - HikariPool-3 - Starting...
2026-09-23 13:04:56 INFO  com.zaxxer.hikari.pool.HikariPool - HikariPool-3 - Added connection org.postgresql.jdbc.PgConnection@3bf29b4d
2026-09-23 13:04:56 INFO  com.zaxxer.hikari.HikariDataSource - HikariPool-3 - Start completed.
2026-09-23 13:04:56 INFO  o.hibernate.orm.connections.pooling - HHH10001005: Database info:
	Database JDBC URL [jdbc:postgresql://localhost:5432/toxic]
	Database driver: PostgreSQL JDBC Driver
	Database dialect: PostgreSQLDialect
	Database version: 18.6
	Default catalog/schema: toxic/public
	Autocommit mode: undefined/unknown
	Isolation level: READ_COMMITTED [default READ_COMMITTED]
	JDBC fetch size: none
	Pool: DataSourceConnectionProvider
	Minimum pool size: undefined/unknown
	Maximum pool size: undefined/unknown
2026-09-23 13:04:56 INFO  org.hibernate.orm.core - HHH000489: No JTA platform available (set 'hibernate.transaction.jta.platform' to enable JTA platform integration)
2026-09-23 13:04:56 INFO  o.s.o.j.LocalContainerEntityManagerFactoryBean - Initialized JPA EntityManagerFactory for persistence unit 'default'
2026-09-23 13:04:56 WARN  o.s.b.j.a.JpaBaseConfiguration$JpaWebConfiguration - spring.jpa.open-in-view is enabled by default. Therefore, database queries may be performed during view rendering. Explicitly configure spring.jpa.open-in-view to disable this warning
2026-09-23 13:04:56 INFO  o.a.coyote.http11.Http11NioProtocol - Starting ProtocolHandler ["http-nio-8080"]
2026-09-23 13:04:56 INFO  o.s.boot.tomcat.TomcatWebServer - Tomcat started on port 8080 (http) with context path '/'
2026-09-23 13:04:56 INFO  com.raj.toxic.ToxicApplication - Started ToxicApplication in 0.83 seconds (process running for 1498.708)
2026-09-23 13:04:56 INFO  o.s.b.d.a.ConditionEvaluationDeltaLoggingListener - Condition evaluation unchanged
2026-09-23 13:04:56 INFO  c.r.t.c.InitialToxicController - Toxic Application started Successfully
2026-09-23 13:09:51 INFO  o.s.b.d.a.LocalDevToolsAutoConfiguration$RestartingClassPathChangeChangedEventListener - Restarting due to 2 class path changes (0 additions, 2 deletions, 0 modifications)
2026-09-23 13:09:51 INFO  o.s.boot.tomcat.GracefulShutdown - Commencing graceful shutdown. Waiting for active requests to complete
2026-09-23 13:09:51 INFO  o.a.coyote.http11.Http11NioProtocol - Pausing ProtocolHandler ["http-nio-8080"]
2026-09-23 13:09:51 INFO  o.s.boot.tomcat.GracefulShutdown - Graceful shutdown complete
2026-09-23 13:09:51 INFO  o.a.coyote.http11.Http11NioProtocol - Stopping ProtocolHandler ["http-nio-8080"]
2026-09-23 13:09:51 INFO  o.s.o.j.LocalContainerEntityManagerFactoryBean - Closing JPA EntityManagerFactory for persistence unit 'default'
2026-09-23 13:09:51 INFO  com.zaxxer.hikari.HikariDataSource - HikariPool-3 - Shutdown initiated...
2026-09-23 13:09:51 INFO  com.zaxxer.hikari.HikariDataSource - HikariPool-3 - Shutdown completed.
2026-09-23 13:09:51 INFO  com.raj.toxic.ToxicApplication - Starting ToxicApplication using Java 26.0.2.1 with PID 19772 (C:\Users\Admin\Downloads\Dev-Workspace\toxic\target\classes started by Raj in C:\Users\Admin\Downloads\Dev-Workspace\toxic)
2026-09-23 13:09:51 DEBUG com.raj.toxic.ToxicApplication - Running with Spring Boot v4.1.1, Spring v7.0.9
2026-09-23 13:09:51 INFO  com.raj.toxic.ToxicApplication - No active profile set, falling back to 1 default profile: "default"
2026-09-23 13:09:51 INFO  o.s.d.r.c.RepositoryConfigurationDelegate - Bootstrapping Spring Data JPA repositories in DEFAULT mode.
2026-09-23 13:09:51 INFO  o.s.d.r.c.RepositoryConfigurationDelegate - Finished Spring Data repository scanning in 6 ms. Found 1 JPA repository interface.
2026-09-23 13:09:51 INFO  o.s.boot.tomcat.TomcatWebServer - Tomcat initialized with port 8080 (http)
2026-09-23 13:09:51 INFO  o.a.coyote.http11.Http11NioProtocol - Initializing ProtocolHandler ["http-nio-8080"]
2026-09-23 13:09:51 INFO  o.a.catalina.core.StandardService - Starting service [Tomcat]
2026-09-23 13:09:51 INFO  o.a.catalina.core.StandardEngine - Starting Servlet engine: [Apache Tomcat/11.0.24]
2026-09-23 13:09:51 INFO  o.s.b.w.c.s.WebApplicationContextInitializer - Root WebApplicationContext: initialization completed in 291 ms
2026-09-23 13:09:51 INFO  org.hibernate.orm.jpa - HHH008540: Processing PersistenceUnitInfo [name: default]
2026-09-23 13:09:51 INFO  o.s.o.j.p.SpringPersistenceUnitInfo - No LoadTimeWeaver setup: ignoring JPA class transformer
2026-09-23 13:09:51 INFO  com.zaxxer.hikari.HikariDataSource - HikariPool-4 - Starting...
2026-09-23 13:09:51 INFO  com.zaxxer.hikari.pool.HikariPool - HikariPool-4 - Added connection org.postgresql.jdbc.PgConnection@4f046b37
2026-09-23 13:09:51 INFO  com.zaxxer.hikari.HikariDataSource - HikariPool-4 - Start completed.
2026-09-23 13:09:51 INFO  o.hibernate.orm.connections.pooling - HHH10001005: Database info:
	Database JDBC URL [jdbc:postgresql://localhost:5432/toxic]
	Database driver: PostgreSQL JDBC Driver
	Database dialect: PostgreSQLDialect
	Database version: 18.6
	Default catalog/schema: toxic/public
	Autocommit mode: undefined/unknown
	Isolation level: READ_COMMITTED [default READ_COMMITTED]
	JDBC fetch size: none
	Pool: DataSourceConnectionProvider
	Minimum pool size: undefined/unknown
	Maximum pool size: undefined/unknown
2026-09-23 13:09:51 INFO  org.hibernate.orm.core - HHH000489: No JTA platform available (set 'hibernate.transaction.jta.platform' to enable JTA platform integration)
2026-09-23 13:09:51 INFO  o.s.o.j.LocalContainerEntityManagerFactoryBean - Initialized JPA EntityManagerFactory for persistence unit 'default'
2026-09-23 13:09:51 WARN  o.s.b.j.a.JpaBaseConfiguration$JpaWebConfiguration - spring.jpa.open-in-view is enabled by default. Therefore, database queries may be performed during view rendering. Explicitly configure spring.jpa.open-in-view to disable this warning
2026-09-23 13:09:51 INFO  o.a.coyote.http11.Http11NioProtocol - Starting ProtocolHandler ["http-nio-8080"]
2026-09-23 13:09:51 INFO  o.s.boot.tomcat.TomcatWebServer - Tomcat started on port 8080 (http) with context path '/'
2026-09-23 13:09:51 INFO  com.raj.toxic.ToxicApplication - Started ToxicApplication in 0.803 seconds (process running for 1794.402)
2026-09-23 13:09:51 INFO  o.s.b.d.a.ConditionEvaluationDeltaLoggingListener - Condition evaluation unchanged
2026-09-23 13:09:51 INFO  c.r.t.c.InitialToxicController - Toxic Application started Successfully
2026-09-23 13:15:49 INFO  o.s.b.d.a.LocalDevToolsAutoConfiguration$RestartingClassPathChangeChangedEventListener - Restarting due to 4 class path changes (4 additions, 0 deletions, 0 modifications)
2026-09-23 13:15:49 INFO  o.s.boot.tomcat.GracefulShutdown - Commencing graceful shutdown. Waiting for active requests to complete
2026-09-23 13:15:49 INFO  o.a.coyote.http11.Http11NioProtocol - Pausing ProtocolHandler ["http-nio-8080"]
2026-09-23 13:15:49 INFO  o.s.boot.tomcat.GracefulShutdown - Graceful shutdown complete
2026-09-23 13:15:49 INFO  o.a.coyote.http11.Http11NioProtocol - Stopping ProtocolHandler ["http-nio-8080"]
2026-09-23 13:15:49 INFO  o.s.o.j.LocalContainerEntityManagerFactoryBean - Closing JPA EntityManagerFactory for persistence unit 'default'
2026-09-23 13:15:49 INFO  com.zaxxer.hikari.HikariDataSource - HikariPool-4 - Shutdown initiated...
2026-09-23 13:15:49 INFO  com.zaxxer.hikari.HikariDataSource - HikariPool-4 - Shutdown completed.
2026-09-23 13:15:49 INFO  com.raj.toxic.ToxicApplication - Starting ToxicApplication using Java 26.0.2.1 with PID 19772 (C:\Users\Admin\Downloads\Dev-Workspace\toxic\target\classes started by Raj in C:\Users\Admin\Downloads\Dev-Workspace\toxic)
2026-09-23 13:15:49 DEBUG com.raj.toxic.ToxicApplication - Running with Spring Boot v4.1.1, Spring v7.0.9
2026-09-23 13:15:49 INFO  com.raj.toxic.ToxicApplication - No active profile set, falling back to 1 default profile: "default"
2026-09-23 13:15:50 INFO  o.s.d.r.c.RepositoryConfigurationDelegate - Bootstrapping Spring Data JPA repositories in DEFAULT mode.
2026-09-23 13:15:50 INFO  o.s.d.r.c.RepositoryConfigurationDelegate - Finished Spring Data repository scanning in 6 ms. Found 1 JPA repository interface.
2026-09-23 13:15:50 INFO  o.s.boot.tomcat.TomcatWebServer - Tomcat initialized with port 8080 (http)
2026-09-23 13:15:50 INFO  o.a.coyote.http11.Http11NioProtocol - Initializing ProtocolHandler ["http-nio-8080"]
2026-09-23 13:15:50 INFO  o.a.catalina.core.StandardService - Starting service [Tomcat]
2026-09-23 13:15:50 INFO  o.a.catalina.core.StandardEngine - Starting Servlet engine: [Apache Tomcat/11.0.24]
2026-09-23 13:15:50 INFO  o.s.b.w.c.s.WebApplicationContextInitializer - Root WebApplicationContext: initialization completed in 257 ms
2026-09-23 13:15:50 INFO  org.hibernate.orm.jpa - HHH008540: Processing PersistenceUnitInfo [name: default]
2026-09-23 13:15:50 INFO  o.s.o.j.p.SpringPersistenceUnitInfo - No LoadTimeWeaver setup: ignoring JPA class transformer
2026-09-23 13:15:50 INFO  com.zaxxer.hikari.HikariDataSource - HikariPool-5 - Starting...
2026-09-23 13:15:50 INFO  com.zaxxer.hikari.pool.HikariPool - HikariPool-5 - Added connection org.postgresql.jdbc.PgConnection@d75efd0
2026-09-23 13:15:50 INFO  com.zaxxer.hikari.HikariDataSource - HikariPool-5 - Start completed.
2026-09-23 13:15:50 INFO  o.hibernate.orm.connections.pooling - HHH10001005: Database info:
	Database JDBC URL [jdbc:postgresql://localhost:5432/toxic]
	Database driver: PostgreSQL JDBC Driver
	Database dialect: PostgreSQLDialect
	Database version: 18.6
	Default catalog/schema: toxic/public
	Autocommit mode: undefined/unknown
	Isolation level: READ_COMMITTED [default READ_COMMITTED]
	JDBC fetch size: none
	Pool: DataSourceConnectionProvider
	Minimum pool size: undefined/unknown
	Maximum pool size: undefined/unknown
2026-09-23 13:15:50 INFO  org.hibernate.orm.core - HHH000489: No JTA platform available (set 'hibernate.transaction.jta.platform' to enable JTA platform integration)
2026-09-23 13:15:50 INFO  o.s.o.j.LocalContainerEntityManagerFactoryBean - Initialized JPA EntityManagerFactory for persistence unit 'default'
2026-09-23 13:15:50 WARN  o.s.b.j.a.JpaBaseConfiguration$JpaWebConfiguration - spring.jpa.open-in-view is enabled by default. Therefore, database queries may be performed during view rendering. Explicitly configure spring.jpa.open-in-view to disable this warning
2026-09-23 13:15:50 INFO  o.a.coyote.http11.Http11NioProtocol - Starting ProtocolHandler ["http-nio-8080"]
2026-09-23 13:15:50 INFO  o.s.boot.tomcat.TomcatWebServer - Tomcat started on port 8080 (http) with context path '/'
2026-09-23 13:15:50 INFO  com.raj.toxic.ToxicApplication - Started ToxicApplication in 0.551 seconds (process running for 2152.799)
2026-09-23 13:15:50 INFO  o.s.b.d.a.ConditionEvaluationDeltaLoggingListener - Condition evaluation unchanged
2026-09-23 13:15:50 INFO  c.r.t.c.InitialToxicController - Toxic Application started Successfully
